../Core/Src/liquidcrystal_i2c.c:46:6:HD44780_Init	16	static
../Core/Src/liquidcrystal_i2c.c:101:6:HD44780_Clear	8	static
../Core/Src/liquidcrystal_i2c.c:107:6:HD44780_Home	8	static
../Core/Src/liquidcrystal_i2c.c:113:6:HD44780_SetCursor	40	static
../Core/Src/liquidcrystal_i2c.c:123:6:HD44780_NoDisplay	8	static
../Core/Src/liquidcrystal_i2c.c:129:6:HD44780_Display	8	static
../Core/Src/liquidcrystal_i2c.c:135:6:HD44780_NoCursor	8	static
../Core/Src/liquidcrystal_i2c.c:141:6:HD44780_Cursor	8	static
../Core/Src/liquidcrystal_i2c.c:147:6:HD44780_NoBlink	8	static
../Core/Src/liquidcrystal_i2c.c:153:6:HD44780_Blink	8	static
../Core/Src/liquidcrystal_i2c.c:159:6:HD44780_ScrollDisplayLeft	8	static
../Core/Src/liquidcrystal_i2c.c:164:6:HD44780_ScrollDisplayRight	8	static
../Core/Src/liquidcrystal_i2c.c:169:6:HD44780_LeftToRight	8	static
../Core/Src/liquidcrystal_i2c.c:175:6:HD44780_RightToLeft	8	static
../Core/Src/liquidcrystal_i2c.c:181:6:HD44780_AutoScroll	8	static
../Core/Src/liquidcrystal_i2c.c:187:6:HD44780_NoAutoScroll	8	static
../Core/Src/liquidcrystal_i2c.c:193:6:HD44780_CreateSpecialChar	24	static
../Core/Src/liquidcrystal_i2c.c:203:6:HD44780_PrintSpecialChar	16	static
../Core/Src/liquidcrystal_i2c.c:208:6:HD44780_LoadCustomCharacter	16	static
../Core/Src/liquidcrystal_i2c.c:213:6:HD44780_PrintStr	16	static
../Core/Src/liquidcrystal_i2c.c:218:6:HD44780_SetBacklight	16	static
../Core/Src/liquidcrystal_i2c.c:224:6:HD44780_NoBacklight	8	static
../Core/Src/liquidcrystal_i2c.c:230:6:HD44780_Backlight	8	static
../Core/Src/liquidcrystal_i2c.c:236:13:SendCommand	16	static
../Core/Src/liquidcrystal_i2c.c:241:13:SendChar	16	static
../Core/Src/liquidcrystal_i2c.c:246:13:Send	32	static
../Core/Src/liquidcrystal_i2c.c:254:13:Write4Bits	16	static
../Core/Src/liquidcrystal_i2c.c:260:13:ExpanderWrite	32	static
../Core/Src/liquidcrystal_i2c.c:266:13:PulseEnable	16	static
../Core/Src/liquidcrystal_i2c.c:275:13:DelayInit	8	static
../Core/Src/liquidcrystal_i2c.c:287:13:DelayUS	24	static
