../Core/Src/main.c:96:5:main	8	static
../Core/Src/main.c:188:6:SystemClock_Config	96	static
../Core/Src/main.c:231:13:MX_I2C1_Init	8	static
../Core/Src/main.c:279:13:MX_GPIO_Init	48	static
../Core/Src/main.c:313:6:display_time_update	24	static
../Core/Src/main.c:328:6:display_user_enter	32	static
../Core/Src/main.c:352:6:Button_Minutes	8	static
../Core/Src/main.c:360:6:Button_Seconds	8	static
../Core/Src/main.c:369:6:Button_StartStop	8	static
../Core/Src/main.c:381:9:Button_Tick	32	static
../Core/Src/main.c:410:6:Error_Handler	8	static,ignoring_inline_asm
