../Core/Src/main.c:108:5:main	8	static
../Core/Src/main.c:212:6:SystemClock_Config	96	static
../Core/Src/main.c:255:13:MX_I2C1_Init	8	static
../Core/Src/main.c:303:13:MX_GPIO_Init	48	static
../Core/Src/main.c:342:13:MX_TIM1_Init	40	static
../Core/Src/main.c:375:6:display_time_update	24	static
../Core/Src/main.c:390:6:display_user_enter	32	static
../Core/Src/main.c:413:6:display_update_seconds	16	static
../Core/Src/main.c:423:6:display_update_minutes	16	static
../Core/Src/main.c:433:6:Button_Minutes	8	static
../Core/Src/main.c:441:6:Button_Seconds	8	static
../Core/Src/main.c:450:6:Button_StartStop	8	static
../Core/Src/main.c:467:6:EXTI0_1_IRQHandler	8	static
../Core/Src/main.c:472:6:EXTI2_3_IRQHandler	8	static
../Core/Src/main.c:483:6:HAL_GPIO_EXTI_Callback	16	static
../Core/Src/main.c:506:6:TIM1_BRK_UP_TRG_COM_IRQHandler	8	static
../Core/Src/main.c:511:6:HAL_TIM_PeriodElapsedCallback	16	static
../Core/Src/main.c:536:6:Error_Handler	8	static,ignoring_inline_asm
